/Users/robertjoscelyne/Development/Java/dropwizard-20150826/dropwizard-example/src/main/java/com/example/helloworld/auth/ExampleAuthorizer.java
/Users/robertjoscelyne/Development/Java/dropwizard-20150826/dropwizard-example/src/main/java/com/example/helloworld/core/Template.java
/Users/robertjoscelyne/Development/Java/dropwizard-20150826/dropwizard-example/src/main/java/com/example/helloworld/resources/PeopleResource.java
/Users/robertjoscelyne/Development/Java/dropwizard-20150826/dropwizard-example/src/main/java/com/example/helloworld/cli/RenderCommand.java
/Users/robertjoscelyne/Development/Java/dropwizard-20150826/dropwizard-example/src/main/java/com/example/helloworld/db/PersonDAO.java
/Users/robertjoscelyne/Development/Java/dropwizard-20150826/dropwizard-example/src/main/java/com/example/helloworld/resources/ProtectedResource.java
/Users/robertjoscelyne/Development/Java/dropwizard-20150826/dropwizard-example/src/main/java/com/example/helloworld/resources/FilteredResource.java
/Users/robertjoscelyne/Development/Java/dropwizard-20150826/dropwizard-example/src/main/java/com/example/helloworld/resources/PersonResource.java
/Users/robertjoscelyne/Development/Java/dropwizard-20150826/dropwizard-example/src/main/java/com/example/helloworld/core/Person.java
/Users/robertjoscelyne/Development/Java/dropwizard-20150826/dropwizard-example/src/main/java/com/example/helloworld/api/Saying.java
/Users/robertjoscelyne/Development/Java/dropwizard-20150826/dropwizard-example/src/main/java/com/example/helloworld/HelloWorldConfiguration.java
/Users/robertjoscelyne/Development/Java/dropwizard-20150826/dropwizard-example/src/main/java/com/example/helloworld/views/PersonView.java
/Users/robertjoscelyne/Development/Java/dropwizard-20150826/dropwizard-example/src/main/java/com/example/helloworld/health/TemplateHealthCheck.java
/Users/robertjoscelyne/Development/Java/dropwizard-20150826/dropwizard-example/src/main/java/com/example/helloworld/core/User.java
/Users/robertjoscelyne/Development/Java/dropwizard-20150826/dropwizard-example/src/main/java/com/example/helloworld/auth/ExampleAuthenticator.java
/Users/robertjoscelyne/Development/Java/dropwizard-20150826/dropwizard-example/src/main/java/com/example/helloworld/filter/DateRequired.java
/Users/robertjoscelyne/Development/Java/dropwizard-20150826/dropwizard-example/src/main/java/com/example/helloworld/HelloWorldApplication.java
/Users/robertjoscelyne/Development/Java/dropwizard-20150826/dropwizard-example/src/main/java/com/example/helloworld/filter/DateRequiredFeature.java
/Users/robertjoscelyne/Development/Java/dropwizard-20150826/dropwizard-example/src/main/java/com/example/helloworld/resources/HelloWorldResource.java
/Users/robertjoscelyne/Development/Java/dropwizard-20150826/dropwizard-example/src/main/java/com/example/helloworld/resources/ViewResource.java
/Users/robertjoscelyne/Development/Java/dropwizard-20150826/dropwizard-example/src/main/java/com/example/helloworld/filter/DateNotSpecifiedFilter.java
